#-----------------------------------------------------------
# Vivado v2018.3 (64-bit)
# SW Build 2405991 on Thu Dec  6 23:38:27 MST 2018
# IP Build 2404404 on Fri Dec  7 01:43:56 MST 2018
# Start of session at: Mon May 16 11:29:24 2022
# Process ID: 8288
# Current directory: C:/Users/finger/Desktop/cache
# Command line: vivado.exe -gui_launcher_event rodinguilauncherevent10808 C:\Users\finger\Desktop\cache\cache.xpr
# Log file: C:/Users/finger/Desktop/cache/vivado.log
# Journal file: C:/Users/finger/Desktop/cache\vivado.jou
#-----------------------------------------------------------
start_gui
open_project C:/Users/finger/Desktop/cache/cache.xpr
update_compile_order -fileset sources_1
launch_simulation
open_wave_config C:/Users/finger/Desktop/cache/cache.srcs/sim_1/imports/cache/testbench_behav.wcfg
source testbench.tcl
relaunch_sim
relaunch_sim
close_sim
launch_simulation
open_wave_config C:/Users/finger/Desktop/cache/cache.srcs/sim_1/imports/cache/testbench_behav.wcfg
source testbench.tcl
relaunch_sim
relaunch_sim
close_sim
launch_simulation
open_wave_config C:/Users/finger/Desktop/cache/cache.srcs/sim_1/imports/cache/testbench_behav.wcfg
source testbench.tcl
close_sim
launch_simulation
open_wave_config C:/Users/finger/Desktop/cache/cache.srcs/sim_1/imports/cache/testbench_behav.wcfg
source testbench.tcl
close_sim
